// Jest Snapshot v1, https://goo.gl/fbAQLP

exports[`Test createEntityControllerBase should add all the necessary methods 1`] = `
"import * as common from "@nestjs/common";
import * as swagger from "@nestjs/swagger";
import { isRecordNotFoundError } from "../../prisma.util";
import * as errors from "../../errors";
import { Request, Response } from "express";
import { plainToClass } from "class-transformer";
import { ApiNestedQuery } from "../../decorators/api-nested-query.decorator";
import { FileInterceptor } from "@nestjs/platform-express";

declare interface CREATE_INPUT {}
declare interface WHERE_INPUT {}
declare interface WHERE_UNIQUE_INPUT {}
declare class FIND_MANY_ARGS {
  where: WHERE_INPUT;
}
declare interface UPDATE_INPUT {}

declare const FINE_ONE_PATH: string;
declare const UPDATE_PATH: string;
declare const DELETE_PATH: string;

declare class ENTITY {}
declare interface Select {}

declare interface SERVICE {
  CREATE_FUNCTION(args: {
    data: CREATE_INPUT;
    select: Select;
  }): Promise<ENTITY>;
  FIND_MANY_FUNCTION(args: {
    where: WHERE_INPUT;
    select: Select;
  }): Promise<ENTITY[]>;
  FIND_ONE_FUNCTION(args: {
    where: WHERE_UNIQUE_INPUT;
    select: Select;
  }): Promise<ENTITY | null>;
  UPDATE_FUNCTION(args: {
    where: WHERE_UNIQUE_INPUT;
    data: UPDATE_INPUT;
    select: Select;
  }): Promise<ENTITY>;
  DELETE_FUNCTION(args: {
    where: WHERE_UNIQUE_INPUT;
    select: Select;
  }): Promise<ENTITY>;
}

declare const RESOURCE: string;
declare const ENTITY_NAME: string;
declare const CREATE_DATA_MAPPING: CREATE_INPUT;
declare const UPDATE_DATA_MAPPING: UPDATE_INPUT;
declare const SELECT: Select;

export class UserControllerBase {
  constructor(protected readonly service: SERVICE) {}
  @common.Post()
  @swagger.ApiCreatedResponse({ type: ENTITY })
  async CREATE_ENTITY_FUNCTION(
    @common.Body() data: CREATE_INPUT
  ): Promise<ENTITY> {
    return await this.service.CREATE_FUNCTION({
      data: CREATE_DATA_MAPPING,
      select: SELECT,
    });
  }

  @common.Get()
  @swagger.ApiOkResponse({ type: [ENTITY] })
  @ApiNestedQuery(FIND_MANY_ARGS)
  async FIND_MANY_ENTITY_FUNCTION(
    @common.Req() request: Request
  ): Promise<ENTITY[]> {
    const args = plainToClass(FIND_MANY_ARGS, request.query);
    return this.service.FIND_MANY_FUNCTION({
      ...args,
      select: SELECT,
    });
  }

  @common.Get(FINE_ONE_PATH)
  @swagger.ApiOkResponse({ type: ENTITY })
  @swagger.ApiNotFoundResponse({ type: errors.NotFoundException })
  async FIND_ONE_ENTITY_FUNCTION(
    @common.Param() params: WHERE_UNIQUE_INPUT
  ): Promise<ENTITY | null> {
    const result = await this.service.FIND_ONE_FUNCTION({
      where: params,
      select: SELECT,
    });
    if (result === null) {
      throw new errors.NotFoundException(
        \`No resource was found for \${JSON.stringify(params)}\`
      );
    }
    return result;
  }

  @common.Patch(UPDATE_PATH)
  @swagger.ApiOkResponse({ type: ENTITY })
  @swagger.ApiNotFoundResponse({ type: errors.NotFoundException })
  async UPDATE_ENTITY_FUNCTION(
    @common.Param() params: WHERE_UNIQUE_INPUT,
    @common.Body() data: UPDATE_INPUT
  ): Promise<ENTITY | null> {
    try {
      return await this.service.UPDATE_FUNCTION({
        where: params,
        data: UPDATE_DATA_MAPPING,
        select: SELECT,
      });
    } catch (error) {
      if (isRecordNotFoundError(error)) {
        throw new errors.NotFoundException(
          \`No resource was found for \${JSON.stringify(params)}\`
        );
      }
      throw error;
    }
  }

  @common.Delete(DELETE_PATH)
  @swagger.ApiOkResponse({ type: ENTITY })
  @swagger.ApiNotFoundResponse({ type: errors.NotFoundException })
  async DELETE_ENTITY_FUNCTION(
    @common.Param() params: WHERE_UNIQUE_INPUT
  ): Promise<ENTITY | null> {
    try {
      return await this.service.DELETE_FUNCTION({
        where: params,
        select: SELECT,
      });
    } catch (error) {
      if (isRecordNotFoundError(error)) {
        throw new errors.NotFoundException(
          \`No resource was found for \${JSON.stringify(params)}\`
        );
      }
      throw error;
    }
  }

  @common.Put(":id/profilePicture")
  @common.UseInterceptors(FileInterceptor("file"))
  @swagger.ApiConsumes("multipart/form-data")
  @swagger.ApiBody({
    schema: {
      type: "object",

      properties: {
        file: {
          type: "string",
          format: "binary"
        }
      }
    }
  })
  @swagger.ApiParam({
    name: "id",
    type: "string",
    required: true
  })
  @swagger.ApiCreatedResponse({
    type: User,
    status: "2XX"
  })
  @swagger.ApiNotFoundResponse({
    type: errors.NotFoundException
  })
  async uploadProfilePicture(
    @common.Param()
    params: UserWhereUniqueInput,
    @common.UploadedFile()
    file: Express.Multer.File
  ): Promise<User> {
    return this.service.uploadProfilePicture({
      where: params
    }, Object.assign(file, {
      filename: file.originalname
    }));
  }

  @common.Get(":id/profilePicture")
  @swagger.ApiParam({
    name: "id",
    type: "string",
    required: true
  })
  @swagger.ApiOkResponse({
    type: common.StreamableFile
  })
  @swagger.ApiNotFoundResponse({
    type: errors.NotFoundException
  })
  async downloadProfilePicture(
    @common.Param()
    params: UserWhereUniqueInput,
    @common.Res({
      passthrough: true
    })
    res: Response
  ): Promise<common.StreamableFile> {
    const result = await this.service.downloadProfilePicture({
      where: params
    });

    if (result === null) {
      throw new errors.NotFoundException(\`No resource was found for \`, JSON.stringify(params));
    }

    res.setHeader("Content-Disposition", \`attachment; filename=\${result.filename}\`);
    res.setHeader("Content-Type", result.mimetype);
    return result.stream;
  }

  @common.Delete(":id/profilePicture")
  @swagger.ApiOkResponse({
    type: User
  })
  @swagger.ApiNotFoundResponse({
    type: errors.NotFoundException
  })
  async deleteProfilePicture(
    @common.Param()
    params: UserWhereUniqueInput
  ): Promise<User> {
    return this.service.deleteProfilePicture({
      where: params
    });
  }
}
"
`;
